// Jest Snapshot v1, https://goo.gl/fbAQLP

exports[`renders correctly 1`] = `
<div
  className="fixed z-10 left-0 top-0 w-full h-full overflow-auto bg-black bg-opacity-50 false"
>
  <div
    className="flex justify-center items-center h-full"
  >
    <div
      className="bg-white w-5/6 md:w-1/2 lg:w-1/3 h-1/2 rounded-3xl"
    >
      <div
        className="w-full h-1/2 bg-red-500 rounded-t-3xl flex justify-center items-center"
      >
        <div
          className="w-24 h-24"
        >
          <div
            className="undefined"
          >
            <img
              alt="success-icon"
              className="w-full h-full undefined "
              src="/circle-xmark-solid.svg"
            />
          </div>
        </div>
      </div>
      <div
        className="flex justify-center items-center flex-col"
      >
        <p
          className="pt-6 pb-6 text-2xl w-5/6 text-center"
        >
          A aparut o eroare. Te rog incearca mai tarziu!
        </p>
        <button
          className="relative bg-red-500 rounded-2xl w-40 h-16 undefined"
          onClick={[MockFunction]}
          type="button"
        >
          Inchide
        </button>
      </div>
    </div>
  </div>
</div>
`;
