// Jest Snapshot v1, https://goo.gl/fbAQLP

exports[`renders correctly 1`] = `
<div
  className="fixed z-10 left-0 top-0 w-full h-full overflow-auto bg-black bg-opacity-50 hidden"
>
  <div
    className="h-screen flex justify-center items-center"
  >
    <iframe
      allow="accelerometer; autoplay; clipboard-write; encrypted-media; gyroscope; picture-in-picture"
      allowFullScreen={true}
      frameBorder="0"
      height="480"
      src="https://www.youtube.com/embed/"
      title="Trailer"
      width="853"
    />
  </div>
</div>
`;
