// Jest Snapshot v1, https://goo.gl/fbAQLP

exports[`renders correctly 1`] = `
<div
  className="w-[400px] h-[230px] flex justify-self-center md:hover:scale-105 transition-hover"
>
  <div
    className="w-full h-full object-cover md:hover:opacity-70 transition-all"
  >
    <img
      alt="movie-cover"
      className="w-full h-full cursor-pointer "
      onClick={[Function]}
      src=""
    />
  </div>
  <div
    className="pl-4 bg-gray-300 min-w-[200px] pr-4"
  >
    <div
      className="font-medium mt-2"
    >
      test
    </div>
    <div>
      Format
      : 
      Normal
    </div>
    <div>
      Rating
      : 
      0
      /10
    </div>
    <div>
      Gen
      : 
      comedy
    </div>
    <div
      className="flex justify-center mt-2"
    >
      
    </div>
  </div>
</div>
`;
