// Jest Snapshot v1, https://goo.gl/fbAQLP

exports[`renders correctly 1`] = `
<div
  className="flex items-center gap-10"
>
  <div
    className="text-xl w-40"
  >
    
  </div>
  <input
    checked={false}
    onChange={[MockFunction]}
    type="checkbox"
  />
</div>
`;
