// Jest Snapshot v1, https://goo.gl/fbAQLP

exports[`renders correctly 1`] = `
<div
  className="fixed z-10 left-0 top-0 w-full h-full overflow-auto bg-black bg-opacity-50 hidden"
>
  <div
    className="flex justify-center items-center h-full"
  >
    <div
      className="w-5/6 md:w-1/2 lg:w-1/3 min-h-1/2 pb-10 rounded-3xl bg-gray-700"
    >
      <div
        className="flex justify-center flex-col items-center gap-4 mt-16"
      >
        <div
          className="text-2xl"
        >
          Selecteaza data si ora:
        </div>
        <select
          className="bg-gray-300 w-1/2 h-14 rounded-xl pl-2 text-black"
          onChange={[Function]}
          value=""
        />
      </div>
      <div
        className="flex justify-center mt-10 text-black"
      >
        <select
          className="bg-gray-300 w-1/2 h-14 rounded-xl pl-2"
          onChange={[Function]}
          value=""
        />
      </div>
      <div
        className="flex justify-center mt-20"
      >
        <button
          className="relative w-36 h-8 bg-primary text-black rounded hover:shadow-lg hover:shadow-cyan-300/50 undefined"
          onClick={[MockFunction]}
          type="button"
        >
          Confirma
        </button>
      </div>
    </div>
  </div>
</div>
`;
