// Jest Snapshot v1, https://goo.gl/fbAQLP

exports[`renders correctly 1`] = `
<div
  className="fixed z-10 left-0 top-0 w-full h-full overflow-auto bg-black bg-opacity-50 false"
>
  <div>
    test
  </div>
</div>
`;
